[    0.000000] Initializing cgroup subsys cpuset
[    0.000000] Initializing cgroup subsys cpu
[    0.000000] Initializing cgroup subsys cpuacct
[    0.000000] Linux version 4.4.0-93-generic (buildd@lgw01-03) (gcc version 5.4.0 20160609 (Ubuntu 5.4.0-6ubuntu1~16.04.4) ) #116-Ubuntu SMP Fri Aug 11 21:17:51 UTC 2017 (Ubuntu 4.4.0-93.116-generic 4.4.79)
[    0.000000] Command line: BOOT_IMAGE=/boot/vmlinuz-4.4.0-93-generic root=LABEL=cloudimg-rootfs ro console=tty1 console=ttyS0
[    0.000000] KERNEL supported cpus:
[    0.000000]   Intel GenuineIntel
[    0.000000]   AMD AuthenticAMD
[    0.000000]   Centaur CentaurHauls
[    0.000000] x86/fpu: xstate_offset[2]:  576, xstate_sizes[2]:  256
[    0.000000] x86/fpu: Supporting XSAVE feature 0x01: 'x87 floating point registers'
[    0.000000] x86/fpu: Supporting XSAVE feature 0x02: 'SSE registers'
[    0.000000] x86/fpu: Supporting XSAVE feature 0x04: 'AVX registers'
[    0.000000] x86/fpu: Enabled xstate features 0x7, context size is 832 bytes, using 'standard' format.
[    0.000000] x86/fpu: Using 'lazy' FPU context switches.
[    0.000000] e820: BIOS-provided physical RAM map:
[    0.000000] BIOS-e820: [mem 0x0000000000000000-0x000000000009fbff] usable
[    0.000000] BIOS-e820: [mem 0x000000000009fc00-0x000000000009ffff] reserved
[    0.000000] BIOS-e820: [mem 0x00000000000f0000-0x00000000000fffff] reserved
[    0.000000] BIOS-e820: [mem 0x0000000000100000-0x000000003ffeffff] usable
[    0.000000] BIOS-e820: [mem 0x000000003fff0000-0x000000003fffffff] ACPI data
[    0.000000] BIOS-e820: [mem 0x00000000fec00000-0x00000000fec00fff] reserved
[    0.000000] BIOS-e820: [mem 0x00000000fee00000-0x00000000fee00fff] reserved
[    0.000000] BIOS-e820: [mem 0x00000000fffc0000-0x00000000ffffffff] reserved
[    0.000000] NX (Execute Disable) protection: active
[    0.000000] SMBIOS 2.5 present.
[    0.000000] Hypervisor detected: KVM
[    0.000000] e820: last_pfn = 0x3fff0 max_arch_pfn = 0x400000000
[    0.000000] MTRR: Disabled
[    0.000000] x86/PAT: MTRRs disabled, skipping PAT initialization too.
[    0.000000] CPU MTRRs all blank - virtualized system.
[    0.000000] x86/PAT: Configuration [0-7]: WB  WT  UC- UC  WB  WT  UC- UC  
[    0.000000] found SMP MP-table at [mem 0x0009fff0-0x0009ffff] mapped at [ffff88000009fff0]
[    0.000000] Scanning 1 areas for low memory corruption
[    0.000000] RAMDISK: [mem 0x36ac4000-0x37559fff]
[    0.000000] ACPI: Early table checksum verification disabled
[    0.000000] ACPI: RSDP 0x00000000000E0000 000024 (v02 VBOX  )
[    0.000000] ACPI: XSDT 0x000000003FFF0030 00003C (v01 VBOX   VBOXXSDT 00000001 ASL  00000061)
[    0.000000] ACPI: FACP 0x000000003FFF00F0 0000F4 (v04 VBOX   VBOXFACP 00000001 ASL  00000061)
[    0.000000] ACPI: DSDT 0x000000003FFF0470 0021C8 (v02 VBOX   VBOXBIOS 00000002 INTL 20100528)
[    0.000000] ACPI: FACS 0x000000003FFF0200 000040
[    0.000000] ACPI: FACS 0x000000003FFF0200 000040
[    0.000000] ACPI: APIC 0x000000003FFF0240 00005C (v02 VBOX   VBOXAPIC 00000001 ASL  00000061)
[    0.000000] ACPI: SSDT 0x000000003FFF02A0 0001CC (v01 VBOX   VBOXCPUT 00000002 INTL 20100528)
[    0.000000] No NUMA configuration found
[    0.000000] Faking a node at [mem 0x0000000000000000-0x000000003ffeffff]
[    0.000000] NODE_DATA(0) allocated [mem 0x3ffeb000-0x3ffeffff]
[    0.000000] kvm-clock: Using msrs 4b564d01 and 4b564d00
[    0.000000] kvm-clock: cpu 0, msr 0:3ffe3001, primary cpu clock
[    0.000000] kvm-clock: using sched offset of 4159108112 cycles
[    0.000000] clocksource: kvm-clock: mask: 0xffffffffffffffff max_cycles: 0x1cd42e4dffb, max_idle_ns: 881590591483 ns
[    0.000000] Zone ranges:
[    0.000000]   DMA      [mem 0x0000000000001000-0x0000000000ffffff]
[    0.000000]   DMA32    [mem 0x0000000001000000-0x000000003ffeffff]
[    0.000000]   Normal   empty
[    0.000000]   Device   empty
[    0.000000] Movable zone start for each node
[    0.000000] Early memory node ranges
[    0.000000]   node   0: [mem 0x0000000000001000-0x000000000009efff]
[    0.000000]   node   0: [mem 0x0000000000100000-0x000000003ffeffff]
[    0.000000] Initmem setup node 0 [mem 0x0000000000001000-0x000000003ffeffff]
[    0.000000] ACPI: PM-Timer IO Port: 0x4008
[    0.000000] IOAPIC[0]: apic_id 2, version 32, address 0xfec00000, GSI 0-23
[    0.000000] ACPI: INT_SRC_OVR (bus 0 bus_irq 0 global_irq 2 dfl dfl)
[    0.000000] ACPI: INT_SRC_OVR (bus 0 bus_irq 9 global_irq 9 high level)
[    0.000000] Using ACPI (MADT) for SMP configuration information
[    0.000000] smpboot: Allowing 2 CPUs, 0 hotplug CPUs
[    0.000000] PM: Registered nosave memory: [mem 0x00000000-0x00000fff]
[    0.000000] PM: Registered nosave memory: [mem 0x0009f000-0x0009ffff]
[    0.000000] PM: Registered nosave memory: [mem 0x000a0000-0x000effff]
[    0.000000] PM: Registered nosave memory: [mem 0x000f0000-0x000fffff]
[    0.000000] e820: [mem 0x40000000-0xfebfffff] available for PCI devices
[    0.000000] Booting paravirtualized kernel on KVM
[    0.000000] clocksource: refined-jiffies: mask: 0xffffffff max_cycles: 0xffffffff, max_idle_ns: 7645519600211568 ns
[    0.000000] setup_percpu: NR_CPUS:512 nr_cpumask_bits:512 nr_cpu_ids:2 nr_node_ids:1
[    0.000000] PERCPU: Embedded 34 pages/cpu @ffff88003fc00000 s98328 r8192 d32744 u1048576
[    0.000000] PV qspinlock hash table entries: 256 (order: 0, 4096 bytes)
[    0.000000] Built 1 zonelists in Node order, mobility grouping on.  Total pages: 257913
[    0.000000] Policy zone: DMA32
[    0.000000] Kernel command line: BOOT_IMAGE=/boot/vmlinuz-4.4.0-93-generic root=LABEL=cloudimg-rootfs ro console=tty1 console=ttyS0
[    0.000000] PID hash table entries: 4096 (order: 3, 32768 bytes)
[    0.000000] Memory: 1001724K/1048120K available (8479K kernel code, 1294K rwdata, 3984K rodata, 1492K init, 1316K bss, 46396K reserved, 0K cma-reserved)
[    0.000000] SLUB: HWalign=64, Order=0-3, MinObjects=0, CPUs=2, Nodes=1
[    0.000000] Hierarchical RCU implementation.
[    0.000000] 	Build-time adjustment of leaf fanout to 64.
[    0.000000] 	RCU restricting CPUs from NR_CPUS=512 to nr_cpu_ids=2.
[    0.000000] RCU: Adjusting geometry for rcu_fanout_leaf=64, nr_cpu_ids=2
[    0.000000] NR_IRQS:33024 nr_irqs:440 16
[    0.000000] Console: colour VGA+ 80x25
[    0.000000] console [tty1] enabled
[    0.000000] console [ttyS0] enabled
[    0.000000] tsc: Detected 2495.340 MHz processor
[    0.000000] tsc: Marking TSC unstable due to TSCs unsynchronized
[    0.012000] Calibrating delay loop (skipped) preset value.. 4990.68 BogoMIPS (lpj=9981360)
[    0.020020] pid_max: default: 32768 minimum: 301
[    0.024036] ACPI: Core revision 20150930
[    0.033199] ACPI: 2 ACPI AML tables successfully acquired and loaded
[    0.040070] Security Framework initialized
[    0.044019] Yama: becoming mindful.
[    0.048059] AppArmor: AppArmor initialized
[    0.052730] Dentry cache hash table entries: 131072 (order: 8, 1048576 bytes)
[    0.056473] Inode-cache hash table entries: 65536 (order: 7, 524288 bytes)
[    0.068151] Mount-cache hash table entries: 2048 (order: 2, 16384 bytes)
[    0.072035] Mountpoint-cache hash table entries: 2048 (order: 2, 16384 bytes)
[    0.076575] Initializing cgroup subsys io
[    0.080034] Initializing cgroup subsys memory
[    0.084081] Initializing cgroup subsys devices
[    0.088034] Initializing cgroup subsys freezer
[    0.092032] Initializing cgroup subsys net_cls
[    0.096034] Initializing cgroup subsys perf_event
[    0.100033] Initializing cgroup subsys net_prio
[    0.104040] Initializing cgroup subsys hugetlb
[    0.112024] Initializing cgroup subsys pids
[    0.116337] CPU: Physical Processor ID: 0
[    0.120029] CPU: Processor Core ID: 0
[    0.124029] mce: CPU supports 0 MCE banks
[    0.128374] Last level iTLB entries: 4KB 512, 2MB 1024, 4MB 512
[    0.132021] Last level dTLB entries: 4KB 1024, 2MB 1024, 4MB 512, 1GB 0
[    0.144230] Freeing SMP alternatives memory: 32K (ffffffff820ba000 - ffffffff820c2000)
[    0.168297] ftrace: allocating 32136 entries in 126 pages
[    0.184164] smpboot: APIC(0) Converting physical 0 to logical package 0
[    0.188026] smpboot: Max logical packages: 1
[    0.192624] x2apic enabled
[    0.196021] Switched APIC routing to physical x2apic.
[    0.202686] ..TIMER: vector=0x30 apic1=0 pin1=2 apic2=-1 pin2=-1
[    0.208000] smpboot: CPU0: AMD A10-5750M APU with Radeon(tm) HD Graphics (family: 0x15, model: 0x13, stepping: 0x1)
[    0.216040] Performance Events: Broken PMU hardware detected, using software events only.
[    0.224029] Failed to access perfctr msr (MSR c0010007 is 0)
[    0.232033] KVM setup paravirtual spinlock
[    0.240636] x86: Booting SMP configuration:
[    0.244023] .... node  #0, CPUs:      #1
[    0.012000] kvm-clock: cpu 1, msr 0:3ffe3041, secondary cpu clock
[    0.012000] mce: CPU supports 0 MCE banks
[    0.256097] x86: Booted up 1 node, 2 CPUs
[    0.260025] smpboot: Total of 2 processors activated (9981.36 BogoMIPS)
[    0.268230] devtmpfs: initialized
[    0.299177] evm: security.selinux
[    0.324016] evm: security.SMACK64
[    0.340015] evm: security.SMACK64EXEC
[    0.340019] evm: security.SMACK64TRANSMUTE
[    0.352031] evm: security.SMACK64MMAP
[    0.364012] evm: security.ima
[    0.372022] evm: security.capability
[    0.388000] clocksource: jiffies: mask: 0xffffffff max_cycles: 0xffffffff, max_idle_ns: 7645041785100000 ns
[    0.420063] futex hash table entries: 512 (order: 3, 32768 bytes)
[    0.428410] pinctrl core: initialized pinctrl subsystem
[    0.440328] RTC time:  4:35:20, date: 09/06/17
[    0.456577] NET: Registered protocol family 16
[    0.488031] cpuidle: using governor ladder
[    0.504073] cpuidle: using governor menu
[    0.512039] PCCT header not found.
[    0.520287] ACPI: bus type PCI registered
[    0.524017] acpiphp: ACPI Hot Plug PCI Controller Driver version: 0.5
[    0.528362] PCI: Using configuration type 1 for base access
[    0.532015] PCI: Using configuration type 1 for extended access
[    0.552196] ACPI: Added _OSI(Module Device)
[    0.568034] ACPI: Added _OSI(Processor Device)
[    0.576018] ACPI: Added _OSI(3.0 _SCP Extensions)
[    0.584020] ACPI: Added _OSI(Processor Aggregator Device)
[    0.612910] ACPI: Executed 1 blocks of module-level executable AML code
[    0.633921] ACPI: Interpreter enabled
[    0.696041] ACPI: (supports S0 S5)
[    0.728017] ACPI: Using IOAPIC for interrupt routing
[    0.788443] PCI: Using host bridge windows from ACPI; if necessary, use "pci=nocrs" and report a bug
[    0.948927] ACPI: PCI Root Bridge [PCI0] (domain 0000 [bus 00-ff])
[    0.984038] acpi PNP0A03:00: _OSC: OS supports [ExtendedConfig ASPM ClockPM Segments MSI]
[    1.032039] acpi PNP0A03:00: _OSC failed (AE_NOT_FOUND); disabling ASPM
[    1.036832] PCI host bridge to bus 0000:00
[    1.048022] pci_bus 0000:00: root bus resource [io  0x0000-0x0cf7 window]
[    1.104027] pci_bus 0000:00: root bus resource [io  0x0d00-0xffff window]
[    1.136020] pci_bus 0000:00: root bus resource [mem 0x000a0000-0x000bffff window]
[    1.212019] pci_bus 0000:00: root bus resource [mem 0x40000000-0xffdfffff window]
[    1.264030] pci_bus 0000:00: root bus resource [bus 00-ff]
[    1.321397] pci 0000:00:01.1: legacy IDE quirk: reg 0x10: [io  0x01f0-0x01f7]
[    1.356021] pci 0000:00:01.1: legacy IDE quirk: reg 0x14: [io  0x03f6]
[    1.368024] pci 0000:00:01.1: legacy IDE quirk: reg 0x18: [io  0x0170-0x0177]
[    1.408029] pci 0000:00:01.1: legacy IDE quirk: reg 0x1c: [io  0x0376]
[    1.494270] pci 0000:00:07.0: quirk: [io  0x4000-0x403f] claimed by PIIX4 ACPI
[    1.552159] pci 0000:00:07.0: quirk: [io  0x4100-0x410f] claimed by PIIX4 SMB
[    1.645725] ACPI: PCI Interrupt Link [LNKA] (IRQs 5 9 10 *11)
[    1.693201] ACPI: PCI Interrupt Link [LNKB] (IRQs 5 9 10 *11)
[    1.716152] ACPI: PCI Interrupt Link [LNKC] (IRQs 5 9 *10 11)
[    1.797717] ACPI: PCI Interrupt Link [LNKD] (IRQs 5 *9 10 11)
[    1.864286] ACPI: Enabled 2 GPEs in block 00 to 07
[    1.900257] vgaarb: setting as boot device: PCI:0000:00:02.0
[    1.904000] vgaarb: device added: PCI:0000:00:02.0,decodes=io+mem,owns=io+mem,locks=none
[    2.064027] vgaarb: loaded
[    2.076005] vgaarb: bridge control possible 0000:00:02.0
[    2.080492] SCSI subsystem initialized
[    2.136132] ACPI: bus type USB registered
[    2.188083] usbcore: registered new interface driver usbfs
[    2.252071] usbcore: registered new interface driver hub
[    2.288316] usbcore: registered new device driver usb
[    2.320231] PCI: Using ACPI for IRQ routing
[    2.388737] NetLabel: Initializing
[    2.412016] NetLabel:  domain hash size = 128
[    2.424010] NetLabel:  protocols = UNLABELED CIPSOv4
[    2.480050] NetLabel:  unlabeled traffic allowed by default
[    2.496123] amd_nb: Cannot enumerate AMD northbridges
[    2.512112] clocksource: Switched to clocksource kvm-clock
[    2.545834] AppArmor: AppArmor Filesystem Enabled
[    2.577517] pnp: PnP ACPI init
[    2.591851] pnp: PnP ACPI: found 3 devices
[    2.625648] clocksource: acpi_pm: mask: 0xffffff max_cycles: 0xffffff, max_idle_ns: 2085701024 ns
[    2.665765] NET: Registered protocol family 2
[    2.677890] TCP established hash table entries: 8192 (order: 4, 65536 bytes)
[    2.713224] TCP bind hash table entries: 8192 (order: 5, 131072 bytes)
[    2.724220] TCP: Hash tables configured (established 8192 bind 8192)
[    2.732290] UDP hash table entries: 512 (order: 2, 16384 bytes)
[    2.744283] UDP-Lite hash table entries: 512 (order: 2, 16384 bytes)
[    2.750068] NET: Registered protocol family 1
[    2.760824] pci 0000:00:00.0: Limiting direct PCI/PCI transfers
[    2.784067] pci 0000:00:01.0: Activating ISA DMA hang workarounds
[    2.795070] Unpacking initramfs...
[    6.144495] Freeing initrd memory: 10840K (ffff880036ac4000 - ffff88003755a000)
[    6.178470] clocksource: tsc: mask: 0xffffffffffffffff max_cycles: 0x23f807812c4, max_idle_ns: 440795214071 ns
[    6.180223] platform rtc_cmos: registered platform RTC device (no PNP device found)
[    6.180303] Scanning for low memory corruption every 60 seconds
[    6.181053] audit: initializing netlink subsys (disabled)
[    6.181090] audit: type=2000 audit(1504672528.042:1): initialized
[    6.181536] Initialise system trusted keyring
[    6.181743] HugeTLB registered 2 MB page size, pre-allocated 0 pages
[    6.185856] zbud: loaded
[    6.186154] VFS: Disk quotas dquot_6.6.0
[    6.186219] VFS: Dquot-cache hash table entries: 512 (order 0, 4096 bytes)
[    6.186770] squashfs: version 4.0 (2009/01/31) Phillip Lougher
[    6.187225] fuse init (API version 7.23)
[    6.187491] Key type big_key registered
[    6.187516] Allocating IMA MOK and blacklist keyrings.
[    6.187991] Key type asymmetric registered
[    6.187995] Asymmetric key parser 'x509' registered
[    6.188098] Block layer SCSI generic (bsg) driver version 0.4 loaded (major 249)
[    6.188137] io scheduler noop registered
[    6.188140] io scheduler deadline registered (default)
[    6.188200] io scheduler cfq registered
[    6.188383] pci_hotplug: PCI Hot Plug PCI Core version: 0.5
[    6.188414] pciehp: PCI Express Hot Plug Controller Driver version: 0.4
[    6.188706] ACPI: AC Adapter [AC] (off-line)
[    6.188817] input: Power Button as /devices/LNXSYSTM:00/LNXPWRBN:00/input/input0
[    6.188823] ACPI: Power Button [PWRF]
[    6.188967] input: Sleep Button as /devices/LNXSYSTM:00/LNXSLPBN:00/input/input1
[    6.188970] ACPI: Sleep Button [SLPF]
[    6.189289] GHES: HEST is not enabled!
[    6.191611] ACPI: Battery Slot [BAT0] (battery present)
[    6.191764] Serial: 8250/16550 driver, 32 ports, IRQ sharing enabled
[    6.240621] 00:02: ttyS0 at I/O 0x3f8 (irq = 4, base_baud = 115200) is a 16550A
[    6.264298] Linux agpgart interface v0.103
[    6.271136] loop: module loaded
[    6.272587] scsi host0: ata_piix
[    6.272739] scsi host1: ata_piix
[    6.272922] ata1: PATA max UDMA/33 cmd 0x1f0 ctl 0x3f6 bmdma 0xd000 irq 14
[    6.272925] ata2: PATA max UDMA/33 cmd 0x170 ctl 0x376 bmdma 0xd008 irq 15
[    6.273164] libphy: Fixed MDIO Bus: probed
[    6.273168] tun: Universal TUN/TAP device driver, 1.6
[    6.273168] tun: (C) 1999-2004 Max Krasnyansky <maxk@qualcomm.com>
[    6.273843] PPP generic driver version 2.4.2
[    6.273972] ehci_hcd: USB 2.0 'Enhanced' Host Controller (EHCI) Driver
[    6.273982] ehci-pci: EHCI PCI platform driver
[    6.274005] ehci-platform: EHCI generic platform driver
[    6.274025] ohci_hcd: USB 1.1 'Open' Host Controller (OHCI) Driver
[    6.274031] ohci-pci: OHCI PCI platform driver
[    6.274050] ohci-platform: OHCI generic platform driver
[    6.274067] uhci_hcd: USB Universal Host Controller Interface driver
[    6.274188] i8042: PNP: PS/2 Controller [PNP0303:PS2K,PNP0f03:PS2M] at 0x60,0x64 irq 1,12
[    6.275273] serio: i8042 KBD port at 0x60,0x64 irq 1
[    6.275282] serio: i8042 AUX port at 0x60,0x64 irq 12
[    6.276618] mousedev: PS/2 mouse device common for all mice
[    6.277349] input: AT Translated Set 2 keyboard as /devices/platform/i8042/serio0/input/input2
[    6.278277] rtc_cmos rtc_cmos: rtc core: registered rtc_cmos as rtc0
[    6.278427] rtc_cmos rtc_cmos: alarms up to one day, 114 bytes nvram
[    6.278439] i2c /dev entries driver
[    6.278558] device-mapper: uevent: version 1.0.3
[    6.278870] device-mapper: ioctl: 4.34.0-ioctl (2015-10-28) initialised: dm-devel@redhat.com
[    6.278905] ledtrig-cpu: registered to indicate activity on CPUs
[    6.279533] NET: Registered protocol family 10
[    6.280049] NET: Registered protocol family 17
[    6.280070] Key type dns_resolver registered
[    6.280189] microcode: CPU0: patch_level=0x06000626
[    6.279009] microcode: CPU1: patch_level=0x06000626
[    6.296558] microcode: Microcode Update Driver: v2.01 <tigran@aivazian.fsnet.co.uk>, Peter Oruba
[    6.296835] registered taskstats version 1
[    6.296860] Loading compiled-in X.509 certificates
[    6.298096] Loaded X.509 cert 'Build time autogenerated kernel key: a6f98c496ad22cf23b77f8fe21ff88c41791cbd4'
[    6.298138] zswap: loaded using pool lzo/zbud
[    6.301575] Key type trusted registered
[    6.307779] Key type encrypted registered
[    6.307792] AppArmor: AppArmor sha1 policy hashing enabled
[    6.307796] ima: No TPM chip found, activating TPM-bypass!
[    6.307828] evm: HMAC attrs: 0x1
[    6.308825]   Magic number: 1:918:564
[    6.308829]   hash matches /build/linux-YyUNAI/linux-4.4.0/drivers/base/power/main.c:1211
[    6.311388] rtc_cmos rtc_cmos: setting system clock to 2017-09-06 04:35:26 UTC (1504672526)
[    6.311697] BIOS EDD facility v0.16 2004-Jun-25, 0 devices found
[    6.311698] EDD information not available.
[    8.231989] Freeing unused kernel memory: 1492K (ffffffff81f45000 - ffffffff820ba000)
[    8.300004] Write protecting the kernel read-only data: 14336k
[    8.339241] Freeing unused kernel memory: 1748K (ffff88000184b000 - ffff880001a00000)
[    8.379095] Freeing unused kernel memory: 112K (ffff880001de4000 - ffff880001e00000)
Loading, please wait...
starting version[    8.447524] random: systemd-udevd: uninitialized urandom read (16 bytes read, 4 bits of entropy available)
 229
[    8.449245] random: udevadm: uninitialized urandom read (16 bytes read, 4 bits of entropy available)
[    8.449335] random: udevadm: uninitialized urandom read (16 bytes read, 4 bits of entropy available)
[    8.449606] random: udevadm: uninitialized urandom read (16 bytes read, 4 bits of entropy available)
[    8.449706] random: udevadm: uninitialized urandom read (16 bytes read, 4 bits of entropy available)
[    8.449815] random: udevadm: uninitialized urandom read (16 bytes read, 4 bits of entropy available)
[    8.449919] random: udevadm: uninitialized urandom read (16 bytes read, 4 bits of entropy available)
[    8.450063] random: udevadm: uninitialized urandom read (16 bytes read, 4 bits of entropy available)
[    8.450169] random: udevadm: uninitialized urandom read (16 bytes read, 4 bits of entropy available)
[    8.450284] random: udevadm: uninitialized urandom read (16 bytes read, 4 bits of entropy available)
[    8.945304] e1000: Intel(R) PRO/1000 Network Driver - version 7.3.21-k8-NAPI
[    8.959939] e1000: Copyright (c) 1999-2006 Intel Corporation.
[    8.977160] Fusion MPT base driver 3.04.20
[    8.994291] Copyright (c) 1999-2008 LSI Corporation
[    9.011189] Fusion MPT SPI Host driver 3.04.20
[    9.054875] AVX version of gcm_enc/dec engaged.
[    9.066947] AES CTR mode by8 optimization enabled
[    9.236647] input: ImExPS/2 Generic Explorer Mouse as /devices/platform/i8042/serio1/input/input4
[    9.528963] e1000 0000:00:03.0 eth0: (PCI:33MHz:32-bit) 02:04:e4:df:e4:d8
[    9.584188] e1000 0000:00:03.0 eth0: Intel(R) PRO/1000 Network Connection
[   10.120297] e1000 0000:00:08.0 eth1: (PCI:33MHz:32-bit) 08:00:27:65:a6:39
[   10.132327] e1000 0000:00:08.0 eth1: Intel(R) PRO/1000 Network Connection
[   10.149219] mptbase: ioc0: Initiating bringup
[   10.150943] e1000 0000:00:03.0 enp0s3: renamed from eth0
[   10.193994] e1000 0000:00:08.0 enp0s8: renamed from eth1
[   10.257708] ioc0: LSI53C1030 A0: Capabilities={Initiator}
[   10.518813] scsi host2: ioc0: LSI53C1030 A0, FwRev=00000000h, Ports=1, MaxQ=256, IRQ=20
[   10.720651] scsi 2:0:0:0: Direct-Access     VBOX     HARDDISK         1.0  PQ: 0 ANSI: 5
[   10.785620] scsi target2:0:0: Beginning Domain Validation
[   10.855029] scsi target2:0:0: Domain Validation skipping write tests
[   10.889782] scsi target2:0:0: Ending Domain Validation
[   10.913231] scsi target2:0:0: asynchronous
[   10.930606] scsi 2:0:1:0: Direct-Access     VBOX     HARDDISK         1.0  PQ: 0 ANSI: 5
[   11.046820] scsi target2:0:1: Beginning Domain Validation
[   11.068130] scsi target2:0:1: Domain Validation skipping write tests
[   11.109068] scsi target2:0:1: Ending Domain Validation
[   11.154576] scsi target2:0:1: asynchronous
[   11.185026] sd 2:0:0:0: Attached scsi generic sg0 type 0
[   11.185492] sd 2:0:0:0: [sda] 20971520 512-byte logical blocks: (10.7 GB/10.0 GiB)
[   11.185846] sd 2:0:0:0: [sda] Write Protect is off
[   11.186092] sd 2:0:0:0: [sda] Incomplete mode parameter data
[   11.186094] sd 2:0:0:0: [sda] Assuming drive cache: write through
[   11.188352]  sda: sda1
[   11.190359] sd 2:0:0:0: [sda] Attached SCSI disk
[   11.356941] sd 2:0:1:0: [sdb] 20480 512-byte logical blocks: (10.5 MB/10.0 MiB)
[   11.364417] sd 2:0:1:0: Attached scsi generic sg1 type 0
[   11.438746] sd 2:0:1:0: [sdb] Write Protect is off
[   11.475004] sd 2:0:1:0: [sdb] Incomplete mode parameter data
[   11.493796] sd 2:0:1:0: [sdb] Assuming drive cache: write through
[   11.553600] sd 2:0:1:0: [sdb] Attached SCSI disk
[   11.969220] floppy0: no floppy controllers found
Begin: Loading essential drivers ... [   13.913701] md: linear personality registered for level -1
[   13.935648] md: multipath personality registered for level -4
[   13.958950] md: raid0 personality registered for level 0
[   13.986704] md: raid1 personality registered for level 1
[   14.092699] raid6: sse2x1   gen()  1572 MB/s
[   14.172042] raid6: sse2x1   xor()  1389 MB/s
[   14.284185] raid6: sse2x2   gen()  2900 MB/s
[   14.368921] raid6: sse2x2   xor()  1843 MB/s
[   14.480272] raid6: sse2x4   gen()  3068 MB/s
[   14.609926] raid6: sse2x4   xor()  1318 MB/s
[   14.632124] raid6: using algorithm sse2x4 gen() 3068 MB/s
[   14.677505] raid6: .... xor() 1318 MB/s, rmw enabled
[   14.704741] raid6: using ssse3x2 recovery algorithm
[   14.733129] xor: automatically using best checksumming function:
[   14.789200]    avx       :  2789.000 MB/sec
[   14.807233] async_tx: api initialized (async)
[   14.827129] md: raid6 personality registered for level 6
[   14.830950] md: raid5 personality registered for level 5
[   14.855190] md: raid4 personality registered for level 4
[   14.898243] md: raid10 personality registered for level 10
done.
Begin: Running /scripts/init-premount ... done.
Begin: Mounting root file system ... Begin: Running /scripts/local-top ... done.
Begin: Running /scripts/local-[   14.981273] Btrfs loaded
premount ... Scanning for Btrfs filesystems
done.
Warning: fsck no[   15.049739] EXT4-fs (sda1): mounted filesystem with ordered data mode. Opts: (null)
t present, so skipping root file system
done.
Begin: Running /scripts/local-bottom ... done.
Begin: Running /scripts/init-bottom ... done.
[   15.323179] systemd[1]: systemd 229 running in system mode. (+PAM +AUDIT +SELINUX +IMA +APPARMOR +SMACK +SYSVINIT +UTMP +LIBCRYPTSETUP +GCRYPT +GNUTLS +ACL +XZ -LZ4 +SECCOMP +BLKID +ELFUTILS +KMOD -IDN)
[   15.355302] systemd[1]: Detected virtualization oracle.
[   15.393398] systemd[1]: Detected architecture x86-64.

Welcome to [1mUbuntu 16.04.3 LTS[0m!

[   15.461735] systemd[1]: Set hostname to <ubuntu>.
[   15.489842] systemd[1]: Initializing machine ID from random generator.
[   15.509212] systemd[1]: Installed transient /etc/machine-id file.
[   15.789789] systemd[1]: Set up automount Arbitrary Executable File Formats File System Automount Point.
[[0;32m  OK  [0m] Set up automount Arbitrary Executab...ats File System Automount Point.
[   15.885197] systemd[1]: Listening on LVM2 metadata daemon socket.
[[0;32m  OK  [0m] Listening on LVM2 metadata daemon socket.
[   15.977106] systemd[1]: Listening on Syslog Socket.
[[0;32m  OK  [0m] Listening on Syslog Socket.
[   16.028737] systemd[1]: Listening on /dev/initctl Compatibility Named Pipe.
[[0;32m  OK  [0m] Listening on /dev/initctl Compatibility Named Pipe.
[   16.081092] systemd[1]: Listening on Device-mapper event daemon FIFOs.
[[0;32m  OK  [0m] Listening on Device-mapper event daemon FIFOs.
[   16.157258] systemd[1]: Created slice User and Session Slice.
[[0;32m  OK  [0m] Created slice User and Session Slice.
[   16.298215] systemd[1]: Created slice System Slice.
[[0;32m  OK  [0m] Created slice System Slice.
[   16.338525] systemd[1]: Reached target Slices.
[[0;32m  OK  [0m] Reached target Slices.
[   16.402889] systemd[1]: Created slice system-serial\x2dgetty.slice.
[[0;32m  OK  [0m] Created slice system-serial\x2dgetty.slice.
[   16.480166] systemd[1]: Listening on Journal Socket.
[[0;32m  OK  [0m] Listening on Journal Socket.
[   16.556929] systemd[1]: Starting Create list of required static device nodes for the current kernel...
         Starting Create list of required st... nodes for the current kernel...
[   16.664786] systemd[1]: Starting Nameserver information manager...
         Starting Nameserver information manager...
[   16.749417] systemd[1]: Starting Uncomplicated firewall...
         Starting Uncomplicated firewall...
[   16.821024] systemd[1]: Mounting POSIX Message Queue File System...
         Mounting POSIX Message Queue File System...
[   16.920708] systemd[1]: Starting Remount Root and Kernel File Systems...
[   16.932669] EXT4-fs (sda1): re-mounted. Opts: (null)
         Starting Remount Root and Kernel File Systems...
[   17.050433] random: nonblocking pool is initialized
[   17.081221] systemd[1]: Starting Load Kernel Modules...
         Starting Load Ke[   17.132133] Loading iSCSI transport class v2.0-870.
rnel Modules...
[   17.176212] systemd[1]: Starting Set console keymap...
[   17.203178] iscsi: registered transport (tcp)
         Starting Set console keymap...
[   17.296804] systemd[1]: Starting Monitoring of LVM2 mirrors, snapshots etc. using dmeventd or progress polling...
         Starting Monitoring of LVM2 mirrors... dmeventd or progress polling...
[   17.428065] iscsi: registered transport (iser)
[   17.477711] systemd[1]: Reached target Encrypted Volumes.
[[0;32m  OK  [0m] Reached target Encrypted Volumes.
[   17.564291] systemd[1]: Mounting Debug File System...
         Mounting Debug File System...
[   17.604896] systemd[1]: Listening on Journal Socket (/dev/log).
[[0;32m  OK  [0m] Listening on Journal Socket (/dev/log).
[   17.716380] systemd[1]: Reached target User and Group Name Lookups.
[[0;32m  OK  [0m] Reached target User and Group Name Lookups.
[   17.808889] systemd[1]: Listening on Journal Audit Socket.
[[0;32m  OK  [0m] Listening on Journal Audit Socket.
[   17.932899] systemd[1]: Listening on LVM2 poll daemon socket.
[[0;32m  OK  [0m] Listening on LVM2 poll daemon socket.
[   18.013349] systemd[1]: Listening on udev Control Socket.
[[0;32m  OK  [0m] Listening on udev Control Socket.
[   18.117356] systemd[1]: Listening on udev Kernel Socket.
[[0;32m  OK  [0m] Listening on udev Kernel Socket.
[   18.204614] systemd[1]: Starting Journal Service...
         Starting Journal Service...
[   18.269539] systemd[1]: Started Forward Password Requests to Wall Directory Watch.
[[0;32m  OK  [0m] Started Forward Password Requests to Wall Directory Watch.
[   18.500771] systemd[1]: Mounting Huge Pages File System...
         Mounting Huge Pages File System...
[   18.563177] systemd[1]: Started Trigger resolvconf update for networkd DNS.
[[0;32m  OK  [0m] Started Trigger resolvconf update for networkd DNS.
[   18.596277] systemd[1]: Reached target Swap.
[[0;32m  OK  [0m] Reached target Swap.
[   18.667055] systemd[1]: Mounted Huge Pages File System.
[[0;32m  OK  [0m] Mounted Huge Pages File System.
[   18.735665] systemd[1]: Mounted POSIX Message Queue File System.
[[0;32m  OK  [0m] Mounted POSIX Message Queue File System.
[   18.821224] systemd[1]: Mounted Debug File System.
[[0;32m  OK  [0m] Mounted Debug File System.
[   18.897310] systemd[1]: Started Journal Service.
[[0;32m  OK  [0m] Started Journal Service.
[[0;32m  OK  [0m] Started Create list of required sta...ce nodes for the current kernel.
[[0;32m  OK  [0m] Started Uncomplicated firewall.
[[0;32m  OK  [0m] Started Remount Root and Kernel File Systems.
[[0;32m  OK  [0m] Started Load Kernel Modules.
[[0;32m  OK  [0m] Started Set console keymap.
[[0;32m  OK  [0m] Started Nameserver information manager.
[[0;32m  OK  [0m] Started LVM2 metadata daemon.
         Mounting FUSE Control File System...
         Starting Apply Kernel Variables...
         Starting Load/Save Random Seed...
         Starting udev Coldplug all Devices...
         Starting Initial cloud-init job (pre-networking)...
         Starting Create Static Device Nodes in /dev...
         Starting Flush Journal to Persistent Storage...
[[0;32m  OK  [0m] Mounted FUSE Control File System.
[[0;32m  OK  [0m] Started Apply Kernel Variables.
[[0;32m  OK  [0m] Started Load/Save Random Seed.
[[0;32m  OK  [0m] Started Create Static Device Nodes in /dev.
[[0;32m  OK  [0m] Started Monitoring of LVM2 mirrors,...ng dmeventd or progress polling.
[[0;32m  OK  [0m] Started udev Coldplug all Devices.
[[0;32m  OK  [0m] Started Flush Journal to Persistent Storage.
         Starting udev Kernel Device Manager...
[[0;32m  OK  [0m] Started udev Kernel Device Manager.
[[0;32m  OK  [0m] Reached target Local File Systems (Pre).
[[0;32m  OK  [0m] Reached target Local File Systems.
         Starting Commit a transient machine-id on disk...
         Starting LSB: AppArmor initialization...
         Starting Create Volatile Files and Directories...
         Starting Set console font and keymap...
         Starting Tell Plymouth To Write Out Runtime Data...
[[0;32m  OK  [0m] Started Dispatch Password Requests to Console Directory Watch.
[[0;32m  OK  [0m] Started Commit a transient machine-id on disk.
[[0;32m  OK  [0m] Started Create Volatile Files and Directories.
[[0;32m  OK  [0m] Started Tell Plymouth To Write Out Runtime Data.
[[0;32m  OK  [0m] Found device /dev/ttyS0.
         Starting Update UTMP about System Boot/Shutdown...
[[0;32m  OK  [0m] Reached target System Time Synchronized.
[[0;32m  OK  [0m] Started Set console font and keymap.
[   22.908261] cloud-init[454]: Cloud-init v. 0.7.9 running 'init-local' at Wed, 06 Sep 2017 04:35:42 +0000. Up 22.02 seconds.
[[0;32m  OK  [0m] Started Initial cloud-init job (pre-networking).
[[0;32m  OK  [0m] Started Update UTMP about System Boot/Shutdown.
[[0;32m  OK  [0m] Listening on Load/Save RF Kill Switch Status /dev/rfkill Watch.
[[0;32m  OK  [0m] Reached target Network (Pre).
[[0;32m  OK  [0m] Created slice system-getty.slice.
[[0;32m  OK  [0m] Started LSB: AppArmor initialization.
         Starting Raise network interfaces...
[[0;32m  OK  [0m] Started Raise network interfaces.
[[0;32m  OK  [0m] Reached target Network.
         Starting Initial cloud-init job (metadata service crawler)...
[   27.368541] cloud-init[945]: Cloud-init v. 0.7.9 running 'init' at Wed, 06 Sep 2017 04:35:45 +0000. Up 25.66 seconds.
[   27.413321] cloud-init[945]: ci-info: +++++++++++++++++++++++++++++++++++++Net device info++++++++++++++++++++++++++++++++++++++
[   27.490607] cloud-init[945]: ci-info: +--------+-------+---------------------------+---------------+-------+-------------------+
[   27.588870] cloud-init[945]: ci-info: | Device |   Up  |          Address          |      Mask     | Scope |     Hw-Address    |
[   27.589588] cloud-init[945]: ci-info: +--------+-------+---------------------------+---------------+-------+-------------------+
[[0;32m  OK  [0m] Started Initial cloud-init job (metadata service crawler).
[   27.589857] cloud-init[945]: ci-info: | enp0s3 |  True |         10.0.2.15         | 255.255.255.0 |   .   | 02:04:e4:df:e4:d8 |
[[   27.772750] cloud-init[945]: ci-info: | enp0s3 |  True | fe80::4:e4ff:fedf:e4d8/64 |       .       |  link | 02:04:e4:df:e4:d8 |
[   27.773853] cloud-init[945]: ci-info: |   lo   |  True |         127.0.0.1         |   255.0.0.0   |   .   |         .         |
[0;32m  OK  [0m] Reached target Network is Online.
[   27.774237] cloud-init[945]: ci-info: |   lo   |  True |          ::1/128          |       .       |  host |         .         |
[   27.973299]          cloud-initStarting iSCSI initiator daemon (iscsid)...[945]: 
ci-info: | enp0s8 | False |             .             |       .       |   .   | 08:00:27:65:a6:39 |
[   28.105321] [cloud-init[0;32m  OK  [0m[945]: ] ci-info: +--------+-------+---------------------------+---------------+-------+-------------------+Reached target Cloud-config availability.

[[0;32m  OK  [0m] Reached target System Initialization.
[[0;32m  OK  [0m] Listening on UUID daemon activation socket.
[   28.106446] cloud-init[945]: ci-info: +++++++++++++++++++++++++++Route IPv4 info++++++++++++++++++++++++++++
[   28.352763] [cloud-init[0;32m  OK  [0m[945]: ] ci-info: +-------+-------------+----------+---------------+-----------+-------+Started Daily Cleanup of Temporary Directories.

         Starting Socket activation for snappy daemon.
[   28.353596] cloud-init[945]: ci-info: | Route | Destination | Gateway  |    Genmask    | Interface | Flags |
[   28.452298] [[0;32m  OK  [0m] Started ACPI Events Check.
[[0;32m  OK  [0m] Reached target Paths.
[[0;32m  OK  [0m] Listening on D-Bus System Message Bus Socket.
cloud-init[945]: ci-info: +-------+-------------+----------+---------------+-----------+-------+
[   28.486796] [[0;32m  OK  [0m] Started Daily apt download activities.
[[0;32m  OK  [0m] Started Daily apt upgrade and clean activities.
[[0;32m  OK  [0m] Listening on ACPID Listen Socket.
cloud-init[945]: ci-info: |   0   |   0.0.0.0   | 10.0.2.2 |    0.0.0.0    |   enp0s3  |   UG  |
         Starting LXD - unix socket.
[[   28.554701] cloud-init[945]: ci-info: |   1   |   10.0.2.0  | 0.0.0.0  | 255.255.255.0 |   enp0s3  |   U   |
[   28.611266] cloud-init[945]: ci-info: +-------+-------------+----------+---------------+-----------+-------+
[0;32m  OK  [0m] Started Timer to automatically refresh installed snaps.
[   28.611412] cloud-init[945]: Generating public/private rsa key pair.
[   28.792941] cloud-init[945]: Your identification has been saved in /etc/ssh/ssh_host_rsa_key.
[   28.793822] cloud-init[945]: Your public key has been saved in /etc/ssh/ssh_host_rsa_key.pub.
[[0;32m  OK  [0m] Reached target Timers.
[   28.794143] cloud-init[945]: The key fingerprint is:
[   29.012685] cloud-init[945]: SHA256:M51ZWvc4a8332rt1nuI9M11nlZHFrJ65fmTEPtf0CS0 root@ubuntu-xenial
[   29.013635] cloud-init[945]: The key's randomart image is:
[   29.013716] cloud-init[945]: +---[RSA 2048]----+
[[   29.014259] [0;32m  OK  [0mcloud-init] [945]: Listening on Socket activation for snappy daemon.|               o+|

[[   29.014369] cloud-init[945]: |               oo|
[   29.202859] cloud-init[945]: |            o ooo|
[   29.203215] cloud-init[945]: |         . * E.==|
[   29.204381] cloud-init[945]: |        S =  .=**|
[   29.204838] cloud-init[945]: |         o    +B@|
[0;32m  OK  [0m] Listening on LXD - unix socket.
[   29.205132] cloud-init[945]: |              o=%|
[[0;32m  OK  [0m[   29.397567] ] cloud-initStarted iSCSI initiator daemon (iscsid).[945]: 
|             oo*O|
[   29.461246]          cloud-initStarting Login to default iSCSI targets...[945]: 
|            .o+BX|
[   29.500225] [cloud-init[0;32m  OK  [0m[945]: ] +----[SHA256]-----+Reached target Sockets.

[   29.544850] [cloud-init[0;32m  OK  [0m[945]: ] Generating public/private dsa key pair.Reached target Basic System.

[   29.545869] cloud-init[945]: Your identification has been saved in /etc/ssh/ssh_host_dsa_key.
         Starting Pollinate to seed the pseudo random number generator...
[   29.647892] cloud-init[945]: Your public key has been saved in /etc/ssh/ssh_host_dsa_key.pub.
[   29.722985] cloud-init[945]: The key fingerprint is:
[[0;32m  OK  [0m[   29.723926] ] cloud-initStarted ACPI event daemon.[945]: 
SHA256:kj/M/J9upyShYCX1uSl6EAW+l7TFv8D5Ejc2awLz35E root@ubuntu-xenial
[   29.724036] cloud-init[945]: The key's randomart image is:
[   29.873963] cloud-init[945]: +---[DSA 1024]----+
[   29.874871] cloud-init[945]: |      ..o        |
[[0;32m  OK  [0m] Started Deferred execution scheduler.
[   29.875068] cloud-init[945]: |     . o o .     |
[   29.970230] cloud-init[945]: |      + o =      |
[[0;32m  OK  [0m] Started D-Bus System Message Bus.
[   30.000113] cloud-init[945]: |       B = =     |
[   30.049754] cloud-init[945]: |      B S O *    |
[   30.088782] cloud-init[945]: |     . @ * B = . |
[   30.089859] cloud-init[945]: |      . O = * E  |
[[0;32m  OK  [0m] Started Snappy daemon.[   30.090410] 
cloud-init[945]: |       . o B.o.. |
[   30.090586] cloud-init[945]: |          .+*o.  |
[   30.219033] cloud-init[945]: +----[SHA256]-----+
[   30.219605] cloud-init[945]: Generating public/private ecdsa key pair.
[   30.220052] cloud-init[945]: Your identification has been saved in /etc/ssh/ssh_host_ecdsa_key.
         Starting System Logging Service...
[   30.220199] cloud-init[945]: Your public key has been saved in /etc/ssh/ssh_host_ecdsa_key.pub.
         Starting LSB: MD monitoring daemon...
[[   30.420961] cloud-init[945]: The key fingerprint is:
[0;32m  OK  [0m] Started Unattended Upgrades Shutdown.
[   30.470125] cloud-init[945]: SHA256:/M3EpKdy798bYkUD941K8N/CVyoJZQs9crTFZkJK6bY root@ubuntu-xenial
[   30.532958] [cloud-init[0;32m  OK  [0m[945]: ] The key's randomart image is:Started Regular background program processing daemon.

[   30.533963] cloud-init[945]: +---[ECDSA 256]---+
[   30.589869] [cloud-init[0;32m  OK  [0m[945]: ] |          +==o.. |Started FUSE filesystem for LXC.

[   30.590758] cloud-init[945]: |         .oB=+*.o|
[   30.622305] cloud-init[945]: |         .oo*=.o+|
         Starting Apply the settings specified in cloud-config...
[   30.686339] cloud-init[945]: |       .  o* =.oo|
         Starting Login Service...
[   30.784884] cloud-init[945]: |        S...B =.o|
         Starting /etc/rc.local Compatibility...
[   30.850424] cloud-init[945]: |         .E* ..o |
         Starting LXD - container startup/shutdown...
[   30.898995] cloud-init[945]: |        . + oo . |
         Starting Accounts Service...
[   30.975767] cloud-init[945]: |         o .. ...|
         Starting LSB: Record successful boot for GRUB...
[   31.060878] cloud-init[945]: |           .o...o|
         Starting Auto import assertions from block devices...
[[0;32m  OK  [0m] Started System Logging Service.
[[0;32m  OK  [0m] Started Pollinate to seed the pseudo random number generator.
[[0;32m  OK  [0m] Started /etc/rc.local Compatibility.
[   31.284537] [[0;32m  OK  [0m] Started LXD - container startup/shutdown.
cloud-init[945]: +----[SHA256]-----+
[   31.500794] [[0;32m  OK  [0m] Started Auto import assertions from block devices.
cloud-init[945]: Generating public/private ed25519 key pair.
[   31.605074] cloud-init[945]: Your identification has been saved in /etc/ssh/ssh_host_ed25519_key.
[   31.668677] cloud-init[945]: Your public key has been saved in /etc/ssh/ssh_host_ed25519_key.pub.
[   31.669177] cloud-init[945]: The key fingerprint is:
[[0;32m  OK  [0m] Started Login to default iSCSI targets.
[   31.669468] cloud-init[945]: SHA256:oQCvHSQ3rZuTYMCgkrxwkXAfPaz5o8kjv6QH/eRpOww root@ubuntu-xenial
[   31.868943] cloud-init[945]: The key's randomart image is:
[   31.913678] cloud-init[945]: +--[ED25519 256]--+
[[0;32m  OK  [0m[   31.968801] cloud-init[945]: |=.=.=+           |
[   31.969002] cloud-init[945]: |++.O o=          |
[   31.969152] cloud-init[945]: |=o. =+ ..        |
[   31.969294] cloud-init[945]: |o.+o+o . .       |
[   31.969430] cloud-init[945]: | o.o.=. S        |
[   31.969567] cloud-init[945]: |  . E +          |
[   31.969698] cloud-init[945]: |   o.X o         |
[   31.969846] cloud-init[945]: |  .o* B          |
[   31.969974] cloud-init[945]: |  .+o+.o         |
] Started LSB: MD monitoring daemon.
[   31.970151] cloud-init[945]: +----[SHA256]-----+
[[0;32m  OK  [0m] Started LSB: Record successful boot for GRUB.
[   32.384971] cloud-init[1115]: Generating locales (this might take a while)...
[[0;32m  OK  [0m] Started Login Service.
         Starting Authenticate and Authorize Users to Run Privileged Tasks...
[[0;32m  OK  [0m] Reached target Remote File Systems (Pre).
[[0;32m  OK  [0m] Reached target Remote File Systems.
         Starting LSB: Set the CPU Frequency Scaling governor to "ondemand"...
         Starting Permit User Sessions...
         Starting LSB: VirtualBox Linux Additions...
         Starting LSB: automatic crash report generation...
         Starting LSB: daemon to balance interrupts for SMP systems...
         Starting OpenBSD Secure Shell server...
[[0;32m  OK  [0m] Started Permit User Sessions.
[[0;32m  OK  [0m] Started Authenticate and Authorize Users to Run Privileged Tasks.
[[0;32m  OK  [0m] Started OpenBSD Secure Shell server.
[[0;32m  OK  [0m] Started Accounts Service.
         Starting Hold until boot process finishes up...
         Starting Terminate Plymouth Boot Screen...
[[0;32m  OK  [0m] Started LSB: Set the CPU Frequency Scaling governor to "ondemand".
[[0;32m  OK  [0m] Started Hold until boot process finishes up.
[[0;32m  OK  [0m] Started LSB: automatic crash report generation.
[[0;32m  OK  [0m] Started LSB: daemon to balance interrupts for SMP systems.
[[0;32m  OK  [0m] Started LSB: VirtualBox Linux Additions.
[[0;32m  OK  [0m] Started Terminate Plymouth Boot Screen.
[[0;32m  OK  [0m] Started Serial Getty on ttyS0.
         Starting Set console scheme...
[[0;32m  OK  [0m] Started Getty on tty1.
[[0;32m  OK  [0m] Reached target Login Prompts.
[[0;32m  OK  [0m] Reached target Multi-User System.
[[0;32m  OK  [0m] Reached target Graphical Interface.
         Starting Update UTMP about System Runlevel Changes...
[[0;32m  OK  [0m] Started Set console scheme.
[[0;32m  OK  [0m] Started Update UTMP about System Runlevel Changes.
[   35.231101] cloud-init[1115]:   en_US.UTF-8... done
[   35.273922] cloud-init[1115]: Generation complete.
         Stopping OpenBSD Secure Shell server...
[[0;32m  OK  [0m] Stopped OpenBSD Secure Shell server.
         Starting OpenBSD Secure Shell server...
[[0;32m  OK  [0m] Started OpenBSD Secure Shell server.
[   36.552696] cloud-init[1115]: Cloud-init v. 0.7.9 running 'modules:config' at Wed, 06 Sep 2017 04:35:52 +0000. Up 32.02 seconds.
[[0;32m  OK  [0m] Started Apply the settings specified in cloud-config.
         Starting Execute cloud user/final scripts...
ci-info: no authorized ssh keys fingerprints found for user ubuntu.
<14>Sep  6 04:35:59 ec2: 
<14>Sep  6 04:35:59 ec2: #############################################################
<14>Sep  6 04:35:59 ec2: -----BEGIN SSH HOST KEY FINGERPRINTS-----
<14>Sep  6 04:35:59 ec2: 1024 SHA256:kj/M/J9upyShYCX1uSl6EAW+l7TFv8D5Ejc2awLz35E root@ubuntu-xenial (DSA)
<14>Sep  6 04:35:59 ec2: 256 SHA256:/M3EpKdy798bYkUD941K8N/CVyoJZQs9crTFZkJK6bY root@ubuntu-xenial (ECDSA)
<14>Sep  6 04:35:59 ec2: 256 SHA256:oQCvHSQ3rZuTYMCgkrxwkXAfPaz5o8kjv6QH/eRpOww root@ubuntu-xenial (ED25519)
<14>Sep  6 04:35:59 ec2: 2048 SHA256:M51ZWvc4a8332rt1nuI9M11nlZHFrJ65fmTEPtf0CS0 root@ubuntu-xenial (RSA)
<14>Sep  6 04:35:59 ec2: -----END SSH HOST KEY FINGERPRINTS-----
<14>Sep  6 04:35:59 ec2: #############################################################
-----BEGIN SSH HOST KEY KEYS-----
ecdsa-sha2-nistp256 AAAAE2VjZHNhLXNoYTItbmlzdHAyNTYAAAAIbmlzdHAyNTYAAABBBDIAb9qDQrgrzVq0D0MXhSvhrlT7hXBawy6P3e7FZHGSXd42vqF2EDg7Wcr64EprdG/nnWsw6bn5hKZPRN6xP+U= root@ubuntu-xenial
ssh-ed25519 AAAAC3NzaC1lZDI1NTE5AAAAIKmm4F9ERjUzd/PN6ARHYYFekcpQmV60HaxR83mZo0YJ root@ubuntu-xenial
ssh-rsa AAAAB3NzaC1yc2EAAAADAQABAAABAQC8rpqJGITE5gXRcJQI6mIwN/szLRqAO4VbWEmTdb8teK2qrfDxcRgULoETGVYK0hI3tfK9+B4NMY7FQWyo93OX0oBi+fwgd2TGdJ8PQTnMTq4wCIisRPYH9DFojx3H33pquCQww0LTvsLBlMaZxWsdQxi6K1OfKzwurC8eBVeklEqmaHBw/+g7qwgcmx+36aHzagb6V4UsfPCxa2kaczzTV/7XfT6JT5W0GY65NKQqbKNjHnKMIp0kOmgEQnWa3+ozf1RNQDAK6tcAbm/91Wq9cTWG2M7e/phiotEiFK3Sc3tisbc5+edyz0r3P+8n+T3U2avcDyAWpyGq2II0dQlJ root@ubuntu-xenial
-----END SSH HOST KEY KEYS-----
[   39.150724] cloud-init[1323]: Cloud-init v. 0.7.9 running 'modules:final' at Wed, 06 Sep 2017 04:35:58 +0000. Up 38.52 seconds.
[   39.151685] cloud-init[1323]: ci-info: no authorized ssh keys fingerprints found for user ubuntu.
[   39.152206] cloud-init[1323]: Cloud-init v. 0.7.9 finished at Wed, 06 Sep 2017 04:35:59 +0000. Datasource DataSourceNoCloud [seed=/dev/sdb][dsmode=net].  Up 39.12 seconds

Ubuntu 16.04.3 LTS ubuntu-xenial ttyS0

ubuntu-xenial login: 